(goals
(goal
  (= (+ (f 100000000000000000000000000000000000000000000000)
        (* (- 1) (f 99999999999999999999999999999999999999999999999)))
     1)
  (= (+ (f 100000000000000000000000000000000000000000000001)
        (* (- 1) (f 100000000000000000000000000000000000000000000000)))
     1)
  (= (+ (f 100000000000000000000000000000000000000000000002)
        (* (- 1) (f 100000000000000000000000000000000000000000000001)))
     1)
  (= (+ (f 100000000000000000000000000000000000000000000003)
        (* (- 1) (f 100000000000000000000000000000000000000000000002)))
     1)
  :precision precise :depth 5)
)
