(goals
(goal
  (p 10 10 20)
  (p 10 10 21)
  (p 10 10 22)
  (p 10 10 23)
  (p 10 10 24)
  (p 10 10 25)
  (p 10 11 21)
  (p 10 11 22)
  (p 10 11 23)
  (p 10 11 24)
  (p 10 11 25)
  (p 10 12 22)
  (p 10 12 23)
  (p 10 12 24)
  (p 10 12 25)
  (p 11 11 22)
  (p 11 11 23)
  (p 11 11 24)
  (p 11 11 25)
  (p 11 12 23)
  (p 11 12 24)
  (p 11 12 25)
  :precision precise :depth 5)
)
