(goals
(goal
  (r 0 0)
  (r 1 0)
  (r 1 1)
  (r 2 0)
  (r 2 1)
  (r 2 2)
  (r 3 0)
  (r 3 1)
  (r 3 2)
  (r 3 3)
  :precision precise :depth 5)
)
