(root-obj (+ (^ x 9) (* 3 (^ x 6)) (* 3 (^ x 3)) (- 1)) 1)
(root-obj (+ (^ x 9) (* 3 (^ x 6)) (* 3 (^ x 3)) (- 1)) 1)
0.6381858208?
true
(root-obj (+ (^ x 9) (* (- 3) (^ x 6)) (* 33 (^ x 3)) (- 1)) 1)
(root-obj (+ (^ x 9) (* (- 3) (^ x 6)) (* 33 (^ x 3)) (- 1)) 1)
0.3120506367?
true
(root-obj (+ (^ x 4) (* (- 6) (^ x 3)) (* 6 (^ x 2)) (* (- 6) x) 1) 2)
(root-obj (+ (^ x 4) (* (- 6) (^ x 3)) (* 6 (^ x 2)) (* (- 6) x) 1) 2)
5.0375591418?
true
(root-obj (+ (^ x 50) (* (- 5) (^ x 40)) (* (- 90) (^ x 30)) (* (- 310) (^ x 20)) (* (- 15) (^ x 10)) (- 1)) 2)
(root-obj (+ (^ x 25) (* (- 5) (^ x 20)) (* 10 (^ x 15)) (* (- 20) (^ x 10)) (* 5 (^ x 5)) (- 1)) 1)
true
false
