:max-deg 10 :avg-deg 1.95 :max-bw 49
:max-deg 0 :avg-deg 0 :max-bw 1
:max-deg 0 :avg-deg 0 :max-bw 0
