(factors
1
(+ (^ x0 2.0) 3.0)
(^ x0 2)
(+ (* (- 1.0) (^ x0 5.0) (^ x1 2.0))
   (* (- 6.0) (^ x0 3.0) (^ x1 2.0))
   (* 10.0 (^ x0 4.0) x1)
   (* 4.0 (^ x0 5.0))
   (* (- 9.0) x0 (^ x1 2.0))
   (* 42.0 (^ x0 2.0) x1)
   (* 3.0 (^ x0 3.0))
   (* 36.0 x1)))
true
