(factors
1
(+ x 3)
(^ (+ x (- 1)) 2)
(+ y x))
(let ((a!1 (* (^ (to_real x) 5.0) (^ (+ (^ x 2) (to_real 1)) (to_real 2))))
      (a!2 (* (- 1.0) (to_real x) (^ (+ (^ x 2) (to_real 1)) (to_real 2))))
      (a!3 (* (- 1.0) (^ (+ (^ x 2) (to_real 1)) (to_real 2)))))
  (+ a!1 a!2 a!3))
(factors
1
(+ (^ x 5) (to_real (* (- 1) x)) (to_real (- 1)))
(^ (+ (^ x 2) (to_real 1)) 2))
