(solver
  (=> p1 (> x 10))
  (=> p1 (> y x))
  (=> p2 (< y 5))
  (=> p3 (> y 0)))
UNSATISFIABLE
Core: 
p1
p2
SATISFIABLE
(define-fun p3 () Bool
  true)
(define-fun y () Int
  12)
(define-fun p1 () Bool
  true)
(define-fun p2 () Bool
  false)
(define-fun x () Int
  11)
