sat
And(1 <= Var(0), 1 <= Var(1), Var(1) <= Var(0))
sat
And(0 <= Var(0), 1 <= Var(1))
