sat
x = 3/2
traversing model...
z = 0
y = 2
x = 3/2
