((_ extract 12 2) b)
Extract(12, 2, b)
((_ sign_extend 10) b)
SignExt(10, b)
((_ zero_extend 10) b)
ZeroExt(10, b)
((_ repeat 3) b)
RepeatBitVec(3, b)
