cons(10, nil)
cons(cons(10, nil), cons(cons(10, nil), nil))
cons(1/3, nil)
List_of_Int
