[a = 6, t = 41/10, v__i = 0, v__f = 123/5, d = 5043/100]
[a = 6, t = 4.1, v__i = 0, v__f = 24.6, d = 50.43]
