[Q_5 = 6,
 Q_8 = 7,
 Q_3 = 5,
 Q_2 = 2,
 Q_6 = 1,
 Q_4 = 8,
 Q_7 = 3,
 Q_1 = 4]
