[[Not(x <= 10), y == 1 + x, Not(y <= 1)]]
1
[Not(x <= 10), y == 1 + x, Not(y <= 1)]
old goal:
[x > 10, y == x + 1, y > 1]
[[Not(x <= 10), Not(x <= 0)]]
[Not(x <= 10), Not(x <= 0)]
sat
[x = 11]
applying model convert...
[x = 11, y = 12]
done
