[x = 1.2599210498?, y = -1.1885280594?]
Solving, and displaying result with 30 decimal places
[x = 1.259921049894873164767210607278?,
 y = -1.188528059421316533710369365015?]
